// Jest Snapshot v1, https://goo.gl/fbAQLP

exports[`render without crashing 1`] = `
<DocumentFragment>
  <nav
    class="Navigation navbar navbar-expand-lg navbar-dark bg-dark d-flex justify-content-between"
  >
    <a
      class="navbar-brand brand-name"
      href="/"
      style="margin-left: -60px;"
    >
      US Real Estate
    </a>
    <button
      aria-controls="navbarNavAltMarkup"
      aria-expanded="false"
      aria-label="Toggle navigation"
      class="navbar-toggler ml-auto"
      data-target="#navbarNavAltMarkup"
      data-toggle="collapse"
      type="button"
    >
      <span
        class="navbar-toggler-icon"
      />
    </button>
    <ul
      class="navbar-nav"
    >
      <div
        class="collapse navbar-collapse"
        id="navbarNavAltMarkup"
      >
        <div
          class="navbar-nav"
        >
          <li
            class="nav-item mr-4"
          >
            <a
              class="nav-link"
              href="/login"
            >
              Login
            </a>
          </li>
          <li
            class="nav-item mr-4"
          >
            <a
              class="nav-link"
              href="/register"
            >
              Sign Up
            </a>
          </li>
        </div>
      </div>
    </ul>
  </nav>
</DocumentFragment>
`;
